// Jest Snapshot v1, https://goo.gl/fbAQLP

exports[`Required-fields Component should match snapshot 1`] = `
Array [
  <div
    className="edit_un_div"
  >
    <span
      className="edit_span"
    >
      Username
    </span>
    <input
      autoComplete="false"
      disabled={false}
      maxLength="32"
      onChange={[Function]}
      placeholder="Username"
      spellCheck="false"
      type="text"
      value="admin"
    />
  </div>,
  <div
    className="edit_un_div"
  >
    <span
      className="edit_span"
    >
      Firstname
    </span>
    <input
      autoComplete="false"
      disabled={false}
      maxLength="32"
      onChange={[Function]}
      placeholder="Firstname"
      spellCheck="false"
      type="text"
      value="iam_"
    />
  </div>,
  <div
    className="edit_un_div"
  >
    <span
      className="edit_span"
    >
      Surname
    </span>
    <input
      autoComplete="false"
      disabled={false}
      maxLength="32"
      onChange={[Function]}
      placeholder="Surname"
      spellCheck="false"
      type="text"
      value="admin"
    />
  </div>,
  <div
    className="edit_un_div"
  >
    <span
      className="edit_span"
    >
      Email
    </span>
    <input
      autoComplete="false"
      disabled={false}
      maxLength="32"
      onChange={[Function]}
      placeholder="Email"
      spellCheck="false"
      type="email"
      value="admin@gmail.com"
    />
  </div>,
]
`;
