// Jest Snapshot v1, https://goo.gl/fbAQLP

exports[`AboutSection Component should match snapshot 1`] = `
<div>
  <span
    className="a_label"
  >
    Username
  </span>
  <span
    className="a_info"
  >
    admin
  </span>
</div>
`;

exports[`AboutSection Component should match snapshot with isLink prop 1`] = `
<div>
  <span
    className="a_label"
  >
    Github
  </span>
  <a
    className="a_info"=
    target="_blank"
  >
  
  </a>
</div>
`;

exports[`AboutSection Component should match snapshot with null 1`] = `
<div>
  <span
    className="a_label"
  >
    Firstname
  </span>
  <Link
    to="/edit-profile"
  >
    Add Firstname account
  </Link>
</div>
`;
