// Jest Snapshot v1, https://goo.gl/fbAQLP

exports[`SocialIconLink Component should match snapshot 1`] = `
<a
  target="_blank"
>
  <i
    className="fab fa-instagram"
  />
</a>
`;

exports[`SocialIconLink Component should match snapshot with null 1`] = `""`;
